- compiler.warn.source.no.bootclasspath: 8
Neg09d.java:16:33: compiler.err.doesnt.exist: Neg09
1 error
1 warning
