- compiler.warn.source.no.bootclasspath: 1.8
Neg09a.java:15:34: compiler.err.cant.apply.diamond.1: Neg09a.Member<X>, (compiler.misc.diamond.and.anon.class.not.supported.in.source: 1.8)
1 error
1 warning
