- compiler.warn.source.no.bootclasspath: 1.8
Neg09b.java:16:34: compiler.err.cant.apply.diamond.1: Neg09b.Nested<X>, (compiler.misc.diamond.and.anon.class.not.supported.in.source: 1.8)
1 error
1 warning
