class jdk.nashorn.javaadapters.javax_script_ScriptContext
TypeError: Java.extend needs at least one type argument. in nashorn:mozilla_compat.js at line number 41
class jdk.nashorn.javaadapters.java_util_ArrayList
class jdk.nashorn.javaadapters.java_util_ArrayList
[JavaClass java.lang.Integer]
TypeError: [object JavaPackage] is not a Java class in nashorn:mozilla_compat.js at line number 375 at column number 16
[JavaClass java.util.HashSet]
[JavaClass java.util.HashSet]
[JavaClass java.lang.Integer]
ReferenceError: "Integer" is not defined in nashorn:mozilla_compat.js at line number 69
[JavaClass java.util.HashMap]
[JavaClass java.util.HashMap]
