SwitchErrors.java:34:18: compiler.err.constant.label.not.compatible: java.lang.String, java.lang.Object
SwitchErrors.java:40:18: compiler.err.constant.label.not.compatible: int, java.lang.Object
SwitchErrors.java:46:18: compiler.err.prob.found.req: (compiler.misc.inconvertible.types: java.lang.String, java.lang.Integer)
SwitchErrors.java:47:18: compiler.err.prob.found.req: (compiler.misc.inconvertible.types: java.lang.Integer, java.lang.CharSequence)
SwitchErrors.java:52:18: compiler.err.prob.found.req: (compiler.misc.inconvertible.types: compiler.misc.type.null, int)
SwitchErrors.java:53:18: compiler.err.prob.found.req: (compiler.misc.inconvertible.types: java.lang.String, int)
SwitchErrors.java:54:18: compiler.err.prob.found.req: (compiler.misc.inconvertible.types: int, java.lang.CharSequence)
SwitchErrors.java:60:20: compiler.err.total.pattern.and.default
SwitchErrors.java:66:13: compiler.err.pattern.dominated
SwitchErrors.java:66:24: compiler.err.total.pattern.and.default
SwitchErrors.java:72:18: compiler.err.total.pattern.and.default
SwitchErrors.java:78:18: compiler.err.duplicate.total.pattern
SwitchErrors.java:84:20: compiler.err.duplicate.default.label
SwitchErrors.java:90:20: compiler.err.duplicate.default.label
SwitchErrors.java:95:27: compiler.err.duplicate.default.label
SwitchErrors.java:101:13: compiler.err.duplicate.case.label
SwitchErrors.java:106:13: compiler.err.duplicate.case.label
SwitchErrors.java:111:28: compiler.err.flows.through.to.pattern
SwitchErrors.java:117:18: compiler.err.flows.through.to.pattern
SwitchErrors.java:124:18: compiler.err.flows.through.to.pattern
SwitchErrors.java:131:18: compiler.err.flows.through.to.pattern
SwitchErrors.java:136:18: compiler.err.prob.found.req: (compiler.misc.inconvertible.types: java.lang.String, java.lang.Integer)
SwitchErrors.java:142:18: compiler.err.instanceof.reifiable.not.safe: java.util.List, java.util.List<java.lang.Integer>
SwitchErrors.java:148:18: compiler.err.cant.resolve.location: kindname.class, Undefined, , , (compiler.misc.location: kindname.class, SwitchErrors, null)
SwitchErrors.java:155:18: compiler.err.type.found.req: int, (compiler.misc.type.req.class.array)
SwitchErrors.java:161:28: compiler.err.flows.through.from.pattern
SwitchErrors.java:167:18: compiler.err.flows.through.from.pattern
SwitchErrors.java:172:27: compiler.err.flows.through.to.pattern
SwitchErrors.java:178:18: compiler.err.flows.through.to.pattern
SwitchErrors.java:184:13: compiler.err.pattern.dominated
SwitchErrors.java:196:18: compiler.err.pattern.expected
SwitchErrors.java:202:76: compiler.err.cant.resolve.location: kindname.variable, n, , , (compiler.misc.location: kindname.class, SwitchErrors, null)
SwitchErrors.java:208:71: compiler.err.cant.resolve.location: kindname.variable, n, , , (compiler.misc.location: kindname.class, SwitchErrors, null)
SwitchErrors.java:33:9: compiler.err.not.exhaustive.statement
SwitchErrors.java:39:9: compiler.err.not.exhaustive.statement
SwitchErrors.java:45:9: compiler.err.not.exhaustive.statement
SwitchErrors.java:51:9: compiler.err.not.exhaustive.statement
SwitchErrors.java:99:9: compiler.err.not.exhaustive.statement
SwitchErrors.java:105:9: compiler.err.not.exhaustive.statement
SwitchErrors.java:110:9: compiler.err.not.exhaustive.statement
SwitchErrors.java:115:9: compiler.err.not.exhaustive.statement
SwitchErrors.java:121:9: compiler.err.not.exhaustive.statement
SwitchErrors.java:128:9: compiler.err.not.exhaustive.statement
SwitchErrors.java:188:9: compiler.err.not.exhaustive.statement
- compiler.note.preview.filename: SwitchErrors.java, DEFAULT
- compiler.note.preview.recompile
44 errors
