WarnWrongYieldTest.java:39:11: compiler.warn.restricted.type.not.allowed.preview: yield, 13
WarnWrongYieldTest.java:45:5: compiler.warn.restricted.type.not.allowed.preview: yield, 13
WarnWrongYieldTest.java:72:15: compiler.warn.restricted.type.not.allowed.preview: yield, 13
WarnWrongYieldTest.java:75:15: compiler.warn.restricted.type.not.allowed.preview: yield, 13
WarnWrongYieldTest.java:81:21: compiler.warn.restricted.type.not.allowed.preview: yield, 13
WarnWrongYieldTest.java:93:9: compiler.warn.invalid.yield
WarnWrongYieldTest.java:98:9: compiler.warn.invalid.yield
WarnWrongYieldTest.java:103:9: compiler.warn.invalid.yield
WarnWrongYieldTest.java:108:9: compiler.warn.invalid.yield
WarnWrongYieldTest.java:113:9: compiler.warn.invalid.yield
WarnWrongYieldTest.java:118:9: compiler.warn.invalid.yield
WarnWrongYieldTest.java:123:22: compiler.warn.invalid.yield
WarnWrongYieldTest.java:152:24: compiler.warn.invalid.yield
WarnWrongYieldTest.java:34:28: compiler.warn.illegal.ref.to.restricted.type: yield
WarnWrongYieldTest.java:45:5: compiler.warn.illegal.ref.to.restricted.type: yield
WarnWrongYieldTest.java:72:9: compiler.warn.illegal.ref.to.restricted.type: yield
WarnWrongYieldTest.java:75:9: compiler.warn.illegal.ref.to.restricted.type: yield
WarnWrongYieldTest.java:75:24: compiler.warn.illegal.ref.to.restricted.type: yield
WarnWrongYieldTest.java:78:25: compiler.warn.illegal.ref.to.restricted.type: yield
WarnWrongYieldTest.java:81:15: compiler.warn.illegal.ref.to.restricted.type: yield
WarnWrongYieldTest.java:81:30: compiler.warn.illegal.ref.to.restricted.type: yield
WarnWrongYieldTest.java:84:27: compiler.warn.illegal.ref.to.restricted.type: yield
WarnWrongYieldTest.java:84:43: compiler.warn.illegal.ref.to.restricted.type: yield
WarnWrongYieldTest.java:153:24: compiler.warn.illegal.ref.to.restricted.type: yield
24 warnings
