WrongVersion.java:12:9: compiler.err.repeatable.annotations.not.supported.in.source: 1.7
1 error
