WrongVersion.java:12:9: compiler.err.feature.not.supported.in.source.plural: (compiler.misc.feature.repeatable.annotations), 6, 8
1 error
