- compiler.warn.proc.processor.incompatible.source.version: RELEASE_5, TestSourceVersionWarnings, 6
1 warning
