- compiler.warn.source.no.bootclasspath: 1.7
T6278587Neg.java:18:10: compiler.err.prob.found.req: (compiler.misc.inferred.do.not.conform.to.lower.bounds: T, T6278587Neg.C)
1 error
1 warning
