ParserTest.java:14:18: compiler.warn.var.not.allowed
ParserTest.java:16:22: compiler.warn.var.not.allowed
ParserTest.java:20:19: compiler.warn.var.not.allowed
ParserTest.java:24:14: compiler.warn.var.not.allowed
ParserTest.java:28:20: compiler.warn.var.not.allowed
ParserTest.java:36:27: compiler.warn.var.not.allowed
ParserTest.java:38:5: compiler.warn.var.not.allowed
ParserTest.java:41:15: compiler.warn.var.not.allowed
ParserTest.java:42:13: compiler.warn.var.not.allowed
ParserTest.java:43:17: compiler.warn.var.not.allowed
ParserTest.java:44:13: compiler.warn.var.not.allowed
ParserTest.java:45:15: compiler.warn.var.not.allowed
ParserTest.java:46:13: compiler.warn.var.not.allowed
ParserTest.java:47:23: compiler.warn.var.not.allowed
ParserTest.java:48:13: compiler.warn.var.not.allowed
ParserTest.java:49:13: compiler.warn.var.not.allowed
ParserTest.java:50:23: compiler.warn.var.not.allowed
ParserTest.java:51:23: compiler.warn.var.not.allowed
ParserTest.java:54:5: compiler.warn.var.not.allowed
ParserTest.java:58:16: compiler.warn.var.not.allowed
ParserTest.java:59:14: compiler.warn.var.not.allowed
ParserTest.java:60:24: compiler.warn.var.not.allowed
ParserTest.java:61:22: compiler.warn.var.not.allowed
ParserTest.java:63:22: compiler.warn.var.not.allowed
ParserTest.java:63:40: compiler.warn.var.not.allowed
ParserTest.java:64:18: compiler.warn.var.not.allowed
ParserTest.java:68:35: compiler.warn.var.not.allowed
ParserTest.java:69:22: compiler.warn.var.not.allowed
ParserTest.java:73:24: compiler.warn.var.not.allowed
ParserTest.java:74:18: compiler.warn.var.not.allowed
30 warnings
