BadTypeReference.java:39:9: compiler.err.illegal.ref.to.var.type
BadTypeReference.java:40:21: compiler.err.illegal.ref.to.var.type
2 errors
