StaticInvokeQualified.java:11:32: compiler.err.static.intf.method.invoke.not.supported.in.source: 1.7
1 error
