StaticInvokeQualified.java:11:32: compiler.err.feature.not.supported.in.source.plural: (compiler.misc.feature.static.intf.method.invoke), 6, 8
1 error
