- compiler.warn.source.no.bootclasspath: 1.8
- compiler.err.warnings.and.werror
1 error
1 warning
