- compiler.warn.source.no.bootclasspath: 6
- compiler.warn.option.obsolete.source: 6
- compiler.warn.option.obsolete.suppression
WeirdTwr.java:14:12: compiler.err.feature.not.supported.in.source: (compiler.misc.feature.try.with.resources), 6, 7
1 error
3 warnings
