List passed.
Strict list passed.
Map passed.
Strict map passed.
Beans passed.
Strict beans passed.
