javax.script.ScriptException: ReferenceError: "x" is not defined in <eval> at line number 1
1
