ImportsObservable.java:32:1: compiler.err.doesnt.exist: javax
1 error
