- compiler.warn.source.no.bootclasspath: 1.6
- compiler.warn.option.obsolete.source: 1.6
- compiler.warn.option.obsolete.suppression
OneCaseSwitches.java:23:15: compiler.err.string.switch.not.supported.in.source: 1.6
1 error
3 warnings