- compiler.warn.source.no.bootclasspath: 1.6
- compiler.warn.option.obsolete.source: 1.6
- compiler.warn.option.obsolete.suppression
RepeatedStringCaseLabels2.java:11:15: compiler.err.string.switch.not.supported.in.source: 1.6
RepeatedStringCaseLabels2.java:14:9: compiler.err.duplicate.case.label
2 errors
3 warnings
